
Command
-------
(.venv) PS C:\Users\griez\.antigravity\Projects\DetoxiGuard> python classifier/train_bert.py `
>>   --model_name bert-base-uncased `
>>   --train_csv data/train_split.csv `
>>   --val_csv data/val_split.csv `
>>   --output_dir outputs/bert_final `
>>   --epochs 5 `
>>   --batch_size 8 `
>>   --grad_accum_steps 4 `
>>   --num_workers 0

Dataset / Split Verification
----------------------------
2026-04-24 20:36:02 | INFO | Device: cuda
2026-04-24 20:36:02 | INFO | GPUs available: 1
2026-04-24 20:36:02 | INFO | Loading pre-split datasets ...
2026-04-24 20:36:03 | INFO | Train: 178,839  |  Val: 22,355
2026-04-24 20:36:03 | INFO | Per-label positive counts from the provided split:
2026-04-24 20:36:03 | INFO |   Label              Train      Val    Val %
2026-04-24 20:36:03 | INFO |   toxic             17,107    2,139    11.1%
2026-04-24 20:36:03 | INFO |   severe_toxic       1,570      196    11.1%
2026-04-24 20:36:03 | INFO |   obscene            9,712    1,214    11.1%
2026-04-24 20:36:03 | INFO |   threat               551       69    11.1%
2026-04-24 20:36:03 | INFO |   insult             9,043    1,130    11.1%
2026-04-24 20:36:03 | INFO |   identity_hate      1,694      211    11.1%
2026-04-24 20:36:03 | INFO | Verified: train/val split has no overlapping ids.

Model Loading
-------------
2026-04-24 20:36:03 | INFO | Loading base model: bert-base-uncased
2026-04-24 20:36:03 | WARNING | Warning: You are sending unauthenticated requests to the HF Hub. Please set a HF_TOKEN to enable higher rate limits and faster downloads.
Loading weights: 100%|███████████████████████████████████████████| 199/199 [00:00<00:00, 6055.64it/s]
BertForSequenceClassification LOAD REPORT from: bert-base-uncased
Key                                        | Status     |
-------------------------------------------+------------+-
cls.predictions.transform.LayerNorm.weight | UNEXPECTED |
cls.predictions.transform.LayerNorm.bias   | UNEXPECTED |
cls.predictions.transform.dense.weight     | UNEXPECTED |
cls.predictions.transform.dense.bias       | UNEXPECTED |
cls.predictions.bias                       | UNEXPECTED |
cls.seq_relationship.bias                  | UNEXPECTED |
cls.seq_relationship.weight                | UNEXPECTED |
classifier.weight                          | MISSING    |
classifier.bias                            | MISSING    |

Notes:
- UNEXPECTED: can be ignored when loading from different task/architecture.
- MISSING: classifier head parameters were newly initialized for downstream multi-label classification.

Class Imbalance Weights
-----------------------
2026-04-24 20:36:04 | INFO | pos_weight per label:
2026-04-24 20:36:04 | INFO |   toxic          : 9.45
2026-04-24 20:36:04 | INFO |   severe_toxic   : 112.91
2026-04-24 20:36:04 | INFO |   obscene        : 17.41
2026-04-24 20:36:04 | INFO |   threat         : 323.57
2026-04-24 20:36:04 | INFO |   insult         : 18.78
2026-04-24 20:36:04 | INFO |   identity_hate  : 104.57

Training Progress and Validation Summaries
------------------------------------------

2026-04-24 20:36:04 | INFO | ═══ Epoch 1/5 ═══
2026-04-24 21:06:28 | INFO | Train loss: 0.5153 | Val loss: 0.3487 | Macro-F1: 0.5590 | Macro-AUC: 0.9881 | Macro-PR-AUC: 0.6891
2026-04-24 21:06:28 | INFO |   toxic            F1=0.7664  P=0.6732  R=0.8897  AUC=0.9821  PR-AUC=0.8737
2026-04-24 21:06:28 | INFO |   severe_toxic     F1=0.3638  P=0.2272  R=0.9133  AUC=0.9904  PR-AUC=0.4142
2026-04-24 21:06:28 | INFO |   obscene          F1=0.7205  P=0.5838  R=0.9407  AUC=0.9915  PR-AUC=0.8821
2026-04-24 21:06:28 | INFO |   threat           F1=0.3626  P=0.2271  R=0.8986  AUC=0.9865  PR-AUC=0.5753
2026-04-24 21:06:28 | INFO |   insult           F1=0.6547  P=0.5036  R=0.9354  AUC=0.9879  PR-AUC=0.8100
2026-04-24 21:06:28 | INFO |   identity_hate    F1=0.4860  P=0.3383  R=0.8626  AUC=0.9901  PR-AUC=0.5796
Writing model shards: 100%|████████████████████████████████████████████| 1/1 [00:00<00:00,  4.01it/s]
2026-04-24 21:06:28 | INFO |   ✓ New best model saved (macro-F1=0.5590)

2026-04-24 21:06:28 | INFO | ═══ Epoch 2/5 ═══
2026-04-24 21:36:51 | INFO | Train loss: 0.3242 | Val loss: 0.4980 | Macro-F1: 0.6411 | Macro-AUC: 0.9857 | Macro-PR-AUC: 0.7098
2026-04-24 21:36:51 | INFO |   toxic            F1=0.7745  P=0.6897  R=0.8831  AUC=0.9832  PR-AUC=0.8879
2026-04-24 21:36:51 | INFO |   severe_toxic     F1=0.4209  P=0.2744  R=0.9031  AUC=0.9916  PR-AUC=0.4460
2026-04-24 21:36:51 | INFO |   obscene          F1=0.7463  P=0.6171  R=0.9440  AUC=0.9915  PR-AUC=0.8832
2026-04-24 21:36:51 | INFO |   threat           F1=0.5862  P=0.4857  R=0.7391  AUC=0.9712  PR-AUC=0.6027
2026-04-24 21:36:51 | INFO |   insult           F1=0.7232  P=0.6006  R=0.9088  AUC=0.9888  PR-AUC=0.8249
2026-04-24 21:36:51 | INFO |   identity_hate    F1=0.5955  P=0.4923  R=0.7536  AUC=0.9880  PR-AUC=0.6141
Writing model shards: 100%|████████████████████████████████████████████| 1/1 [00:00<00:00,  3.91it/s]
2026-04-24 21:36:51 | INFO |   ✓ New best model saved (macro-F1=0.6411)

2026-04-24 21:36:51 | INFO | ═══ Epoch 3/5 ═══
2026-04-24 22:06:33 | INFO | Train loss: 0.2117 | Val loss: 0.5258 | Macro-F1: 0.6387 | Macro-AUC: 0.9844 | Macro-PR-AUC: 0.7073
2026-04-24 22:06:33 | INFO |   toxic            F1=0.7682  P=0.6700  R=0.9000  AUC=0.9830  PR-AUC=0.8853
2026-04-24 22:06:33 | INFO |   severe_toxic     F1=0.4515  P=0.3052  R=0.8673  AUC=0.9917  PR-AUC=0.4663
2026-04-24 22:06:33 | INFO |   obscene          F1=0.7790  P=0.6800  R=0.9119  AUC=0.9923  PR-AUC=0.8880
2026-04-24 22:06:33 | INFO |   threat           F1=0.5234  P=0.3862  R=0.8116  AUC=0.9660  PR-AUC=0.5594
2026-04-24 22:06:33 | INFO |   insult           F1=0.7137  P=0.5843  R=0.9168  AUC=0.9888  PR-AUC=0.8245
2026-04-24 22:06:33 | INFO |   identity_hate    F1=0.5964  P=0.4838  R=0.7773  AUC=0.9848  PR-AUC=0.6203
2026-04-24 22:06:33 | INFO |   EarlyStopping: 1/2 epochs without improvement

2026-04-24 22:06:33 | INFO | ═══ Epoch 4/5 ═══
2026-04-24 22:36:27 | INFO | Train loss: 0.1376 | Val loss: 0.7670 | Macro-F1: 0.6679 | Macro-AUC: 0.9830 | Macro-PR-AUC: 0.7155
2026-04-24 22:36:27 | INFO |   toxic            F1=0.7898  P=0.7290  R=0.8616  AUC=0.9827  PR-AUC=0.8825
2026-04-24 22:36:27 | INFO |   severe_toxic     F1=0.4834  P=0.3578  R=0.7449  AUC=0.9916  PR-AUC=0.4886
2026-04-24 22:36:27 | INFO |   obscene          F1=0.7939  P=0.7239  R=0.8789  AUC=0.9916  PR-AUC=0.8861
2026-04-24 22:36:27 | INFO |   threat           F1=0.5714  P=0.4717  R=0.7246  AUC=0.9588  PR-AUC=0.5763
2026-04-24 22:36:27 | INFO |   insult           F1=0.7576  P=0.6736  R=0.8655  AUC=0.9885  PR-AUC=0.8237
2026-04-24 22:36:27 | INFO |   identity_hate    F1=0.6114  P=0.5236  R=0.7346  AUC=0.9846  PR-AUC=0.6358
Writing model shards: 100%|████████████████████████████████████████████| 1/1 [00:00<00:00,  3.68it/s]
2026-04-24 22:36:27 | INFO |   ✓ New best model saved (macro-F1=0.6679)

2026-04-24 22:36:27 | INFO | ═══ Epoch 5/5 ═══
2026-04-24 23:06:13 | INFO | Train loss: 0.0910 | Val loss: 0.8107 | Macro-F1: 0.6721 | Macro-AUC: 0.9825 | Macro-PR-AUC: 0.7180
2026-04-24 23:06:13 | INFO |   toxic            F1=0.7897  P=0.7249  R=0.8672  AUC=0.9822  PR-AUC=0.8771
2026-04-24 23:06:13 | INFO |   severe_toxic     F1=0.5000  P=0.3803  R=0.7296  AUC=0.9915  PR-AUC=0.4915
2026-04-24 23:06:13 | INFO |   obscene          F1=0.7879  P=0.7113  R=0.8830  AUC=0.9909  PR-AUC=0.8827
2026-04-24 23:06:13 | INFO |   threat           F1=0.5882  P=0.4950  R=0.7246  AUC=0.9582  PR-AUC=0.6197
2026-04-24 23:06:13 | INFO |   insult           F1=0.7626  P=0.6789  R=0.8699  AUC=0.9880  PR-AUC=0.8196
2026-04-24 23:06:13 | INFO |   identity_hate    F1=0.6040  P=0.5225  R=0.7156  AUC=0.9839  PR-AUC=0.6176
Writing model shards: 100%|████████████████████████████████████████████| 1/1 [00:00<00:00,  3.68it/s]
2026-04-24 23:06:13 | INFO |   ✓ New best model saved (macro-F1=0.6721)
2026-04-24 23:06:13 | INFO | Training complete. Best macro-F1=0.6721 at epoch 5.

Threshold Search on Validation Set
----------------------------------
2026-04-24 23:06:13 | INFO | Reloading best checkpoint from outputs/bert_final\best_checkpoint for threshold search ...
Loading weights: 100%|███████████████████████████████████████████| 201/201 [00:00<00:00, 8856.37it/s]
2026-04-24 23:06:13 | INFO | ═══ Searching for optimal per-label thresholds on validation set ═══
2026-04-24 23:07:22 | INFO |   optimal threshold for toxic          : 0.88  (F1=0.8050)
2026-04-24 23:07:22 | INFO |   optimal threshold for severe_toxic   : 0.93  (F1=0.5362)
2026-04-24 23:07:22 | INFO |   optimal threshold for obscene        : 0.95  (F1=0.8154)
2026-04-24 23:07:23 | INFO |   optimal threshold for threat         : 0.92  (F1=0.6234)
2026-04-24 23:07:23 | INFO |   optimal threshold for insult         : 0.95  (F1=0.7717)
2026-04-24 23:07:23 | INFO |   optimal threshold for identity_hate  : 0.92  (F1=0.6247)

Validation Metrics with Optimal Thresholds
------------------------------------------
2026-04-24 23:07:23 | INFO | ═══ Val metrics with optimal thresholds ═══
2026-04-24 23:07:23 | INFO | Macro-F1: 0.6961 | Micro-F1: 0.7772 | Macro-AUC: 0.9825 | Macro-PR-AUC: 0.7180
2026-04-24 23:07:23 | INFO |   toxic            t=0.88  F1=0.8050  P=0.7816  R=0.8298
2026-04-24 23:07:23 | INFO |   severe_toxic     t=0.93  F1=0.5362  P=0.4599  R=0.6429
2026-04-24 23:07:23 | INFO |   obscene          t=0.95  F1=0.8154  P=0.8195  R=0.8114
2026-04-24 23:07:23 | INFO |   threat           t=0.92  F1=0.6234  P=0.5647  R=0.6957
2026-04-24 23:07:23 | INFO |   insult           t=0.95  F1=0.7717  P=0.7717  R=0.7717
2026-04-24 23:07:23 | INFO |   identity_hate    t=0.92  F1=0.6247  P=0.6147  R=0.6351
2026-04-24 23:07:23 | INFO | Optimal thresholds saved to outputs/bert_final\best_checkpoint\optimal_thresholds.json

Final Run Summary
-----------------
Best epoch: 5
Best validation macro-F1 before threshold tuning: 0.6721
Validation macro-F1 after per-label threshold tuning: 0.6961
Validation micro-F1 after per-label threshold tuning: 0.7772
Final macro-AUC: 0.9825
Final macro-PR-AUC: 0.7180
Checkpoint directory: outputs/bert_final/best_checkpoint
Optimal threshold file: outputs/bert_final/best_checkpoint/optimal_thresholds.json

End of log.
